{
  "key1": {
    "value": 3
  },
  "key2": {
    "sub3": {
      "value": 4
    },
    "value": 2
  }
}