{
  "key1": {
    "sub1": {
      "value": 3
    },
    "sub2": {
      "value": 1
    },
    "sub4": {
      "value": "sad"
    }
  },
  "key2": {
    "sub3": {
      "value": {
        "sub1": {
          "value": 3
        },
        "sub2": {
          "value": 1
        },
        "sub4": {
          "value": "sad"
        }
      }
    },
    "value": 2
  }
}