{
  "key1": {
    "sub1": {
      "value": 3
    },
    "sub2": {
      "value": 1
    }
  },
  "key2": {
    "sub3": {
      "value": 4
    },
    "value": 2
  }
}